1
< UfOeDoFHNn
> ebgcJUYXya
4
< rxIEbDVAZJ
> xekbibSypZ
7
< WLXqEYYQAB
> TYywpeGUPL
< GahiYEPEOg
> jtwXbDZcnK
10
< UfgeCwYXGc
> TOtVrPORif
12
< ENnpqhfyLp
> tWXAaAQIbC
< mmFUgPBHdz
> OaNiJJLYOx
15
< dlzdEBvciL
> JroRWtHMxO
17
< CsAnxtRgXR
> fOlUmyhPAa
20
< uSmbBYkYme
> ILlsKyiXIR
23
< jfaiAYKygA
> wtsXdXXrmk
< EYySOhVaPg
> eIzcFVBRap
27
< AiHlfpXXkA
> hRKVmdMgDd
29
< nLOgRhrvzF
> wqmQeUnaWK
< RGqMEwyjYD
> csZZUxrIqz
< PMzJwVjJbX
> ySCyUGtDGB
34
< RMltrqLLQe
> xVUzevXiyx
< XIHumSPrkY
> SZczkbPzjK
< vKkxjIFtAM
> UgSoqOTiMo
< YunVtEUJjS
> pEzdAXgxso
39
< EDXpoNWjDV
> fpeAhcVMKW
42
< iyFkjuSlWf
> agwyilHcgS
< XdBagQtcTE
> SSPEYDcmBP
45
< tvxeKWrRTT
> aEgDsHdgjW
< vlXGbybyPn
> UKVYzUceCG
< CuFxOniVCW
> klHpJWhlPI
< DYTXMjDrMt
> EhIGVnmLtz
54
< CieoeeGUrF
> ZxozmvNZrA
57
< ildFldBdkE
> ueJRjICnXB
60
< lCKxVVkbEj
> sxNQhtUqXF
< flHMtRimCY
> pQquOFoUIb
65
< QPeiywowqu
> YURXkIsIaA
< vTLosIHqVh
> OFWuHbDqPU
69
< xKlIqqYBEO
> gJMwOIRdxz
< agLbuLaOvL
> gGeaTvFgkv
75
< PBDCQhJpJd
> jcrvXWsPRv
< YbYITFuCoF
> qcPhbUYzoJ
< gzqYjExIqc
> xkXROMYwbu
80
< nUbXqQbDjv
> MwzkNZVxYU
82
< IxZDJvBYKc
> xgYughZBhu
84
< uWODpnMvXi
> DWVYtHHbEc
< IxWhifLrri
> eocXgibZGH
< YwiDTNTkFT
> gLvHxIeWQC
< GUIjkOSmcx
> gDsjKdGTUj
< HRTqKodELV
> GtHjmdJlLg
< PmQRVdpogK
> drGhVojUht
< atTeKCautO
> zIPkislKpE
< cURVyHBKeB
> SsEHNuocBE
< OsXgybXZgE
> UiKxgWOqxh
94
< tDJVVuOqQw
> mAnifnUgIi
< aKNeuGxAgZ
> blPFFRcSHQ
< rGoXJHntUQ
> QEDkgAORcc
< xLPpDHxzxu
> DaKObnwkdn
99
< nGhYrBMIGF
> CmKryxxQCS
101
< GnBRscgORN
> WiSKILWhzn
< EnjZGiPsEZ
> itjZGJziBX
104
< touGfnIYBY
> rRDNEwDCtP
< geTDwhCSGL
> ODxVPWlTad
107
< fszejWBpzP
> wtXgKZMevb
