3
< zpyEoZzmyA
> vSivRhZiOS
< DnDDErUJVu
> eWdQUxyirS
9
< hbQCQwAWDh
> totYmHGRoh
< HkOHRGjTXo
> BaWYIFYCLr
12
< aEThlfkOXX
> jldcnhcoZJ
< yAwoVTUYRM
> AFOxjJrchd
15
< PZCyhrcvAp
> YeIHiGBVZf
< zdehevIjMm
> kptofbLxOQ
18
< aqJWfPsCwA
> LrXrLDXcOP
20
< DhPjpugngb
> UZvRHKVatb
22
< jSwcBNFnhY
> QFZjMpmyjx
< LZKVqzzHeg
> tdLMcjtcsA
< qEBkouwbKz
> ZvmvhMcxRB
27
< ebbjTtyDEz
> xudnczQoSX
< gEqbDuxSmr
> XMVbAPTCAa
31
< RhdJYuWTLo
> QEnmmNUdlD
34
< aAIEqzHOPc
> QqcTbrCKVD
< cgGiEmzNGJ
> pVrFiKtikH
37
< ogKxgzEYTT
> zhlBEeSDEV
< RCDNUUjYwa
> GAkfcFaTDh
< JSWRNptvGE
> XjTqHsDUDy
< kdjxfPeDXQ
> eshVGUtDqK
43
< QtMgyMznNn
> sPSZcuxOxH
46
< SJNNRMcTiB
> PGEDbJPgjP
54
< fXSVOwJcDV
> BXdoFQhRRM
58
< SDgQXabAUl
> yGlMPoHtNq
62
< LAHgvkzXAs
> KphFaNTvqi
< qVidGcLFXF
> VMmMwFGrkE
< FvEviZPsbJ
> VTDSlEqgan
< nVOiHDenbw
> EAblwmbBbh
67
< GORYlwJRIO
> GuGYXGnAGg
69
< KVmcWfddSw
> uwoNPxjDJr
< caIgaNnkwe
> GPYlnOZrUZ
< BeAuZyMqtK
> KUBqhmFVGm
74
< MnlrilMuPT
> BaasdKrVRh
76
< bVrhjXSqUI
> VPdBKQXIII
< hBBAHqXPtJ
> xrmYeDgGfr
< lSnoyTAWIU
> CZdwuRylFM
80
< qOCPKQPRSf
> MAxoItUDmh
82
< kJzhHABWip
> IFezjDXeHl
< eUYIobPZNr
> CPMoRIUCbJ
< yKUyHVOQuI
> KEcOGCUBZF
< OGBtbcjhLZ
> PMrofIqAPV
88
< qycDwZqtlI
> MyzPCQqBUX
< awkFsXAmjl
> bsPMlpdunp
< JUBryakmtf
> cseXlzoETA
< WEDZcIZOEH
> WtFYHWEgem
94
< jjvDUaXlAO
> NFbfIGRvjf
< zxisbWJZHM
> UVEhrXYrDe
< URoPqkAWTF
> bpeyunGMod
99
< UnPHWuVHEM
> XayYCeNgmT
102
> dutRIDxYdy
> YQKISZJzpz
> gQpXtVsQid
> JTVKXGKcJX
> rKwwzxlHcw
> FRNWOaZJMI
> NVjypfjTXM
> omzKBIewOL
