1
< Bmevgdcxrs
> hcciDHZdgU
4
< SISVkYmAmc
> yuOqRtiZuf
8
< DBdJycLKSX
> LGQQTkqIzI
< UkQmaftFXN
> rjzwlZGmkU
11
< hSlRVAIwgc
> bxipxhhbLC
13
< nWuQyOtjfG
> txHBmyEmuY
15
< cZRhvuGvvH
> qlPQkSMVKL
19
< RciqmDYWay
> ToMYOuROpq
21
< oLoSjkOynN
> XMJSuQuzpV
23
< DejRBZVNwH
> kDtHqxyxnf
25
< LrfgftTnLj
> VtcOjUdqMW
< gYTGtalnIR
> FoYyfDiOrO
28
< qnJhaIfixf
> SePBzaxPMW
< mNhFVStcoT
> IZHJbwEGik
< VlnNJzcyDT
> vyiSBMWpEs
< XLQhsdJUWZ
> nWSNmeIJmD
36
< kLZlIHHanf
> zwtNadcHsF
< QGjjkrMjdp
> ttkvhogiCW
< wVLnYZaepI
> nlKPynTDyf
41
< WikaOmoqXA
> WbTTLWboqc
< lkhfBDvZay
> mUZscVMfJq
44
< lsGpyrTTgM
> mlFHnczYLC
46
< fjCDcYuglL
> ywukHiRvLY
< UJiNlbdqhD
> QdTjwWJiLz
< FBgVaaXAkZ
> cWrIYnZBkL
51
< SAqfHEcOsk
> ndIRhNRIQh
53
< lAEdgodjUI
> olyzNbRlfZ
60
< BopfyFRNGT
> pHaaEpQVbj
< IUpZTzmKVp
> YNleetmxFj
< ludmUNCJnx
> beHgyGnDJf
64
< mxANqzvZjj
> quFnItNmaX
66
< pYlaCmXoZQ
> xcjpJRkuxo
68
< eAHWYLIjZe
> FNpHiPPsAR
73
< AUScpULaMw
> cxYJcmMXJJ
80
< zLsdehxRHm
> uKaMElKdeh
82
< bTXjtlNQJI
> BBeDHmmHWQ
84
< MWOansSoPj
> HunJcmcQyv
< lkregxurtM
> pwbvkTFJlF
< kyetXEptxn
> IAPGccpGNA
88
< qfTlcqOrQx
> lgEMXJGgqC
93
< GuTsVkVdHS
> NeNxlfvvfL
96
< NCjNuXIHCI
> tALjgStJCz
98
< NTnjRvaxrM
> wXYwYFpQhi
< EbsQHpvUTu
> ilRKZTPLJc
102
< iAAqEbVTjH
> VCXiHErLDv
104
< LvNwqhjFoW
> mRTscwfftx
108
< iVcyoNOeAx
> JzijJZYBWq
< vcSPvKSmiQ
