4
< RQFcRuRTLO
> TOQsYNEcxW
8
< PxoPiVezuA
> uCwIybEzfU
< YPdSLGtRoJ
> iSxhjnnVGY
11
< grZFaHcNJr
> UWicaPjxqE
< vgUtVqmida
> PAuPMbTOlt
< XGaAmBtKMM
> ngSsbNerbf
15
< jzkyOvBJOP
> dMfJOVBamD
< XZOVxibVLp
> gHbKzDQWeG
< NTbyBahuol
> CVEbSQTegj
21
< QVRfNdbnDz
> ERgugTQBhE
< ZIdYHuJDEb
> AtEsENMdPy
< VHcUjxIbkl
> fKSYaOlPwl
28
< cTTEuPjlUJ
> HZnWyIMmWx
< xLhYCnldOg
> eWwFZpJEUK
33
< sviqUfiMdt
> pNQcTTXKqR
< AetEUYRtnD
> FlYXHGtQqy
< HqkgJnZWMg
> ebUChdAirM
37
< kMbuZjcnJk
> EBjUOVtGoe
< HHFpfnSBfT
> OmHIOvtAjB
40
< xRYCgpxdRe
> nWKLsdCIcS
42
< idCAGmDXze
> XDPLffOKAS
46
< uLHcOLnFDn
> XppkbvRqfP
< gjojgazgwn
> ctgBzmpWPl
50
< REOqsUUKap
> umnnZJZwWV
52
< lUAspHDmtB
> qaSnShkEXY
56
< pJvpKdwUAR
> YTUXNEAHmG
58
< nRDOjZiZyN
> uqvlxFSNAF
60
< fdZrKdSCEI
> mqmxCpvaTL
< eOzPWtraJR
> MqSawiykcR
< GhyrmNBgBs
> DZZJBZbjhd
< cRdPQNfoLX
> ENuBBJRqOc
65
< CudEcjJiav
> alGzFQSybd
< yUbivPWInV
> wmrnybcWIz
68
< EQMLoPHMPv
> DqqPznLtNE
71
< LASbXYLtLS
> jFZmChOytO
77
< ydZRlwggtY
> GeJptZYkNs
79
< LvElXRhZDD
> vHoTajKZFO
82
< ijpRLfThot
> PomWxkKEVr
< zEywHyhTjA
> cKevRreJcm
85
< aKDTYQsAwW
> pBHnWGyjuB
93
< WfnIcshcsU
> tLSgVeoucG
97
< EabYFxyHNA
> QbJirFOebf
100
< ZqBGSHhTae
> xdbRYQfCdS
