1
< xSbGWFFcRh
> sPugYehNEm
< ZhZMPkHUIt
> hzXhhMrNqP
< ShBdsgsJav
> lcMsriBftL
5
< sfNFICXJMW
> hNUozfHnoc
13
< wszwJjGSVe
> pnFTrgGXZs
< DOVabxrDtG
> sJMCDLoEZf
16
< hBFYvtpFYe
> tzpUdEsgzP
< vWCsqdzHRL
> kGHyIGbSdv
< BtXuFtBBBC
> mFEMngPXna
< AWIxfJPQjy
> ydvWXSCoNO
21
< AMclyQIenj
> PPihzTAAuQ
23
< KyLqTuavxs
> UnFYlqZxdL
27
< SYdTdkedzT
> uvGfjhVsne
< pgaAQrUMoX
> riBhwuiHII
30
< QfbqMHNBmy
> kAHLMefnZD
< etPjBmqRdK
> kIEqHDWuzF
33
< deZgdyNsHr
> NJOagAyyIl
36
< nfwgBZVOLO
> gGyhQspxtO
39
< gWjDylzxXR
> UuglVZkPWa
< tyyUNLlymX
> SjUhEHVUMY
< qBzunvbedD
> UtyjbpDiJA
57
< hZZdvHSroE
> DUoUvFaiSb
62
< dVrsiRYhgY
> tvnnaDWOyd
< xdVFCmzdoh
> PhNjeDCeeS
65
< XHWSjUmPce
> BnJumaIPuV
67
< jpJBSkUHOK
> FFrmpYcaqA
< aOhuurlHTa
> RKYbpBjLME
70
< cmnElQXCny
> cZWXYIpHfl
< JdfFSfcCUg
> erUvbSSrPC
73
< siQERcPTkT
> JhclrpeUzy
< BLFzTnDONp
> myoSABlhXL
76
< aEyKsoZdxv
> DZiQVUZXca
79
< BomOfHMUss
> BRVsKbProl
< PrZDHJTkWv
> gMKyMIFrau
< vMJXXJbeKd
> mKFnWIMteN
< OFsaGwPowv
> dqaGrLvECf
< mqkOYPMEKf
> JpsUsdDyHj
88
< pfdFTFmcDi
> YnYPHSQaYN
< GuRjrSmhEt
> sDGXWvNvZJ
< dKiKLHXMhM
> FpVAhdXfex
< LXDYyKofZe
> kCdYHXGBZP
94
< JNqupSvtuN
> PVmgGpfEqY
< mPVGDjrzfh
> dloayPiAfM
97
< kTCFXBEJMJ
> OBvXCdrqNu
103
> IrFFgVELRQ
