1
< tWtWMSfizO
> SuwVwZtSKn
< jRkVdFbtNL
> CViFxMRiMt
4
< IkwtdGNNeQ
> COrmIfWSSN
< BxaqFSnzPY
> gAMpyrVemq
< aMQxvbRXdV
> GMvpuUxbRO
8
< fuGVvHNpmb
> hWrTIANstH
< hTKGCznygy
> WUVRXjbcIE
< lYnlYeWjSA
> GwAOsfvqRd
< TjqwhhxNXQ
> SbHZpogpCX
14
< neVINdRurj
> MOfArLETtq
16
< CuJZhTtavF
> qCsDBiTJvk
< twoIrmlKud
> dwZoOniUQe
< izLFRjPcQC
> rllDXLVPCR
26
< odNdsEzdqU
> vpeCWsCRCS
< EmMyvvzMzh
> acoWwZrpJH
< jFpXPPCWMt
> ErATMCuJuB
30
< CfiXiKbpih
> NnybZWgfiz
32
< haDLiPgLwQ
> wJTcqqajPB
34
< ZMbZayoMQy
> KxUkjMCFmi
37
< GVXdKhiDFn
> tOmjfRckIw
39
< nzJaDsmkGI
> njluejVLmy
< xcNXcUFUUO
> rGBIUKeAfz
42
< ZkEntujsWz
> HkSPDXEQDl
< fRMgpvoqYb
> cfXAehMKzP
48
< HQQSNYZhQm
> qBpexVsfNt
50
< MANVunCfzJ
> IxOqRPMPdj
52
< LYcEGQlrjL
> ELevGQgvQz
56
< PYXRYIztia
> xHFizcmtmG
< CdZNEbJMzd
> cpZqFhcQGw
60
< WrvkOIYGpO
> zjMLgDvLcI
62
< zjgvHlFyDN
> UODYczulru
< EqRrXDshTv
> QvWezsgsbB
< fbgCKAcQSh
> QFICVowaLU
69
< hTYGZxeVnK
> rWOQZxxnPu
< ZYrTooEUnd
> XLhQpEEZlW
75
< InZMXZUccs
> QIMEJylwVz
< RGOnEZLSAX
> YLUbSXGFQg
79
< TNpqFEbxCe
> GVibBJNTHG
< fRQfuViztO
> MVnkvaqjND
< WNZkygBPtd
> lChooQGgCb
83
< duVeJVUjXn
> UKyjwRcYnD
< bMGgvdGDTS
> iYvTyTRsbg
< siSfvvTVJC
> GCtBQezeSJ
87
< FiIKnEZzNx
> APsRLRGqXp
90
< AYFDqdMiNf
> vQvZELVzeW
92
< CTDZexwIRY
> UyiwZzKTLd
97
< jNYapdWFdV
> ZJOsAhIaDf
99
< vcNIteiKEy
> NZqYAfHDMt
101
< nRszqyCqxm
> AoLrztkSva
< kNboqVyixM
> ErbglRQQLM
104
> kVBLWDfNfM
> DmnPfjlJMv
