label
labia
labor
laced
laces
lacks
laded
laden
lades
ladle
lager
lairs
laity
lakes
lamas
lambs
lamed
lamer
lames
lamps
lance
lands
lanes
lanky
lapel
lapse
larch
lards
large
largo
larks
larva
laser
lasso
lasts
latch
later
latex
lathe
laths
latte
lauds
laugh
lawns
laxer
laxly
layer
lazed
lazes
leach
leads
leafs
leafy
leaks
leaky
leans
leaps
leapt
learn
lease
leash
least
leave
ledge
leech
leeks
leers
leery
lefts
lefty
legal
leggy
legit
lemma
lemme
lemon
lemur
lends
leper
letup
levee
level
lever
liars
libel
licit
licks
liege
liens
lifer
lifts
light
liked
liken
liker
likes
lilac
lilts
limbo
limbs
limed
limes
limit
limns
limos
limps
lined
linen
liner
lines
lingo
links
lions
lipid
liras
lisle
lisps
lists
liter
lithe
lived
liven
liver
lives
livid
llama
llano
loads
loafs
loamy
loans
loath
lobby
lobed
lobes
local
locks
locus
lodes
lodge
lofts
lofty
loges
logic
login
logon
logos
loins
lolls
loner
longs
looks
looms
loons
loony
loops
loopy
loose
loots
loped
lopes
lords
lorry
loser
loses
lotto
lotus
louse
lousy
louts
loved
lover
loves
lowed
lower
lowly
loxes
loyal
luaus
lubed
lubes
lucid
lucks
lucky
lucre
lulls
lumps
lumpy
lunar
lunch
lunge
lungs
lupin
lupus
lurch
lured
lures
lurid
lurks
lusts
lusty
lutes
lying
lymph
lynch
lyres
lyric
