amaryllis
ayatollah
barrelled
bedfellow
bordellos
bushelled
cancelled
catcalled
chiselled
chiseller
compelled
corralled
cudgelled
dispelled
distilled
distiller
drivelled
enamelled
eyeballed
flagellum
flotillas
fulfilled
funnelled
gambolled
gravelled
grovelled
groveller
guerillas
hostelled
installed
instilled
joyfuller
kennelled
mantillas
marvelled
miscalled
parcelled
patrolled
pencilled
pommelled
propelled
propeller
pummelled
refuelled
respelled
shovelled
signalled
snivelled
spiralled
swivelled
tasselled
tinselled
tortillas
travelled
traveller
trowelled
tunnelled
umbrellas
unskilled
woefuller
