1
< hJUUHsggOO
> YYytOiKHLO
3
< vSxASRtVbK
> yXZZZVTQzK
5
< RfFniUGjzm
> KJhHrvDyKV
< TNxcrZzSfa
> yKyIAWhOZo
< xrWZlldQbB
> BFNZyKWrHu
11
< KqXIZsrEnX
> DYsmjtxGCa
< ruNamXcRCt
> kUmGprDcWx
< WPdgQAwkPs
> ubjjBYqEbe
15
< oKJEJHyEna
> yNwsUHsRUs
< ucjqzOCYbJ
> ujGYucmUNh
< ioBlPxhdOQ
> ZtfKovqLWV
< uLBthQaocx
> hAPkrhaShu
22
< ZHQZDLFckR
> ERyCUIZdJG
< wJfnwghrhN
> eSBruxnmBh
27
< pqucVSFAXa
> vKSQYtJOjG
< cSUIBKTtjP
> VXbsGBGCha
33
< RuxTOLFNnG
> mOjseiCobK
< yRyjPmGBhl
> SRcewYoqdo
< rUsrbrasQY
> lKibaLhsrM
37
< pKseSRGYrH
> JXQdrKTvhp
< JSiWVLOilk
> cLoHHFUWzT
40
< wyTRKDrOWu
> jlbpatZian
< VhVkQshZyT
> XxZgZXDBmh
45
< qPgIcKvQRQ
> tutSLaUXiJ
< ItLFzbYMpP
> znTfhAwItL
50
< bkggoGOoNU
> VhazMtKIrC
52
< PpVrcQuJAt
> RQmQfUiGKv
54
< bTeKhsHbtv
> BYWmZlanPl
58
< hoBPWvFfBw
> pySdgxyHzZ
60
< flLdocjkOO
> jmdhNepKnc
63
< CRBXqdvziz
> ZVqrnRGrsn
65
< DWZqAktgSN
> EWWWUaOnCX
69
< VFIiFuvvsU
> cOZWNAINrc
73
< msTdqoMVdc
> eUvOvstsld
< fYRWyNgYwo
> xWGWLLacKU
< wotevLJgMz
> AXSZEEEKwv
< imZAwHKfWt
> iKotYKxTMC
78
< pIVICPEFhn
> nsVYezjudw
80
< fskhTsdvRC
> ZHfPCMdcXU
85
< vJsoqReBOS
> GhcTmJoUtw
89
< WmuTbwOMvf
> tbPfsofiJL
97
< cTiKPeFxFg
> NahZfeASBA
< ejetcgFtuV
> BViMtaeiLh
100
< upiusZKtZK
> IssDJfqCLu
< vHbjRrHhto
> UsKqFCDXJh
< wEhzmVhXMT
< HwNximWAzU
< KrBONPnNmf
< jogTTcqMPZ
< pthvpLItxr
< QLWXQkbHzN
< vCWHFCWIne
< yVHGVPIHsc
< eQXCvwmoVw
