1
< GzvxDUXUzX
> CseFvixWOy
< XZqsRVSQyb
> mJKhZQluJg
< rWZjfeXKID
> DfhTVLjRKp
8
< GbRJvRfVmH
> zZtSKTGQrF
10
< LUKXSAaPUm
> BhvzhJmxnV
< HOCGWgbuHO
> lMXhQrzMOZ
15
< CayfnYufSL
> KGXZFTQSzI
< yVkNwGHyqy
> AGqgETRgtu
18
< hBbuCMMKKN
> WdVylSmNwV
< CJcRzyUHnR
> iLAremPVvM
24
< SeqMlFpUHV
> SXevFvlUpH
< bOwhKBStct
> tghYfLtCQE
27
< fLgvppCHAv
> eiKYUWAROh
29
< UspiWnbcAX
> bRyTDeDFqI
32
< dJAsfSHANh
> rxgVxLRgWg
34
< gWPyBFlyPF
> uVKSDUDFCT
< JBiPCjrOBU
> BaVShGbxeG
< cEamqnifKj
> FbQSJQuPtQ
39
< oguOXuvolS
> GdtkhNPZdB
< xHFjdmyAKi
> AdkXDVIzQg
42
< PEEcXuLKZQ
> JEwHFNaSAp
44
< xLumHELQIr
> bEoasuFXht
46
< wPrtBvOPHf
> gahgninkRw
51
< tzwyvUetou
> udjPBsnByy
54
< hMQOGdMtla
> cHlvbiOScc
56
< PKsRsxEZoR
> uujWxSpLgd
< CGkwYezMzF
> odpDfSvNTx
59
< rRmCGSMdNu
> raLlYkJIez
< PBkDkSKxKV
> IkzwYhZHZW
< VxicFGdsNy
> GOBoLWsJLz
< ZkSWGgsLDy
> bNAutENVCo
< WjvoSKZhst
> nOpGLztIZw
< nNmitxaWEs
> dyLVbXeOqj
67
< LGRdcCprkz
> AYmxtrkjhM
70
< WLFLmzMKHH
> vMvJxSSkzZ
74
< byVjurGJFJ
> prEbyjMSCm
79
< wjYdrtDTqv
> JqTjdNVjoU
< fZHFONiHgT
> NwHifUlzBY
84
< uICzxXgmnb
> MhRyPAdlPZ
92
< HaqifEVDtc
> DvRDQlVGqf
< trKYYXQmYT
> yjVGPrhIXY
96
< uUCMxMcBkW
> yfyELFcQFB
< DdSNVziZHq
> DBEQlhQAiT
100
< SsajzHkjqT
> kYRBTbdvlY
< aRiapSMqgL
