1
< yEffLVYBcD
> YEUVzslgQk
< DqzuUhlnnu
> lqMyLnjWnG
4
< TyXSWbojmJ
> ndozaGLqAP
< oxDBKLZpcH
> bnrPuhBQor
7
< WzVoludbHM
> bjEyhjEYWa
9
< fQbncfbWnK
> HqjSVMmeIg
< ytyudFJsJd
> aRqiOGOfRy
12
< xuTNgAeLDc
> gmjEHxKrmf
14
< SUUkHThNvC
> bmnVkYeHrq
16
< TILACmmKmJ
> OYtENzozTd
19
< OSJvoAZnKY
> pOZnpbvEoY
< ZSPSSxEXYR
> XbKoFrYEdl
24
< FPgwmqNnUY
> xmlkKKKHmV
28
< VdscNBhmhA
> rRvaPRqodi
< NudsxnIhnF
> FSIlilcLLY
< WqqTKnAYmn
> ZqulyoGBwA
< yygvZOodxU
> LjhobgKZBH
< twrYHxlAyI
> cLtBlmtlog
< ePElVjwuoB
> gosypNDpks
35
< agrxKUtJoN
> IhrjTldDPN
37
< TXokrihybp
> ZDkMTgcepG
< ldYhGfAfgi
> dNUtclxipf
43
< dYkfCXMOdX
> HGUzvCoDtk
< lLFoTcGzuj
> IAShoBVaBw
46
< ysvGZghBNK
> zSbQwrNWWz
< uodLMPYuSG
> GiAcGzISYR
50
< ffFHxwvqVh
> TCvupMcAJh
52
< nZDneGaRqR
> fMMqkNYami
< PkCPDHOTBs
> xwunknVjvx
56
< oLdUkotInC
> BqFuZeTEAP
< NOBMXlrAHi
> JMzehqHXqJ
59
< jdaYgoSCDm
> JLBuFbVtbW
61
< AklRkopQms
> zZyTApHYGf
63
< mRzMOboBqb
> kGPddovKGI
< qOgPDVzWdz
> WwYveEocEh
< NdQJvDKhHd
> HUqsZRrBjY
67
< lGHxbACiUY
> YobMrmHaPz
69
< feiIHHmnAw
> AsIEGUnwRd
71
< RLXEpBMzzq
> ZITqBGwGMG
74
< MndxMBagFH
> xHUIxyQWwM
76
< UAEHTBueag
> pFlCkexHUn
< PhgFYtqNoD
> lOHpulJXwW
81
< TohnnbNDfb
> enCuGlrmCY
83
< iuRLeQaVzR
> WBVbrXHtsi
< RUGMvKQHWY
> GIbCnJZOUB
87
< JssenuzSAm
> ZLFMiidlST
< yuxLfEsbbr
> QLCqmGJDSU
< DaJNQyUdzl
> TOEitTAdDP
91
< PknnzPCHGg
> gAERdnzGhS
< QoddRZLSHF
> qzAxcoJIZN
94
< qnJBKuMEcP
> cEfpxcxUEc
< TvoyjNjlwz
> mhZoVCEzVS
97
< kfRQGNbbQT
> tpFpfCbnFj
< lGqHZaWqjg
> AWgPaMRkLm
101
< XzBIzTtZTZ
> vaSfwRHkHY
> IadmPVeFIK
> wPnFrsGVXJ
