2
< XxCBUFxRvZ
> CaoNTDxccw
< tEzGDHFevc
> lDInZVStGw
5
< FkCTDBmoMm
> SIXmmlavco
< MeUsMsimoM
> wHZtqAbKNg
8
< oFUbQDwbLo
> zHNhxrrxXq
12
< mHtuldgzyj
> FYZPIhjnzY
< XRPaCsmOFq
> onJloexAeB
19
< dXaCgKVMpO
> givQUfnBsn
< doZZtevzmU
> cOVHBzgvOR
< evfUqIRgIO
> lruMRFZfuG
< SNnMxgivol
> VBGuLuDtpZ
< JEoHolyxKq
> eLQAmbjSut
28
< wPEZoBKSed
> dSOUUyMUXf
30
< cVWLCnvMxw
> vloTqqPQPH
32
< JlRjZDAetd
> mxSHoyLaoP
34
< ciyHVboFOf
> HHgnPPXdqT
< uZLDLmsOEp
> BikwLOjEMq
37
< seAUOYTqzK
> QAzBWYcfsk
42
< VqJGGJpPbF
> hQghNAnnEp
< SRMbahnnLd
> FcrvnVHmNm
46
< ueWJMoTlaz
> xWLJjmeavn
48
< ZvneQMtCUI
> HqtRojpwgu
< DvvyrzQauJ
> TQCZqoqGIc
< fSxBhYOgGy
> gvjEahIjdd
< OfsPyJINis
> UbLPqqvwsT
55
< TdiQTKltAd
> ExPATJOZxQ
58
< iuuGaMTrCN
> zfkeUowEMx
60
< dgNatuFKRr
> QsfBkFSKrC
< ewHvajtHFS
> NrvXAymbMX
< wptLrUtxJm
> HHqogyDDGl
67
< YgGOVTApAa
> ejJGBceiry
70
< CzHgSpowWs
> FOztYBpePF
72
< nkQSJUzxSa
> IvYYQbwyZz
75
< palQtiUunT
> jftIbynPAe
< kFPDULiTHc
> ghzWKdGDIW
83
< ICKIWyMwJg
> NyaHQyfVrO
< jlDXWooFyc
> FKBURAtUMt
< YFEoauhrUc
> nsGjImAHeE
87
< FQtVSYDUwn
> rBxqRUaaLw
90
< AnyCfIoWYa
> ZqfNMdEDVW
< AQSpJLJYoP
> XLHqQfwqyv
< RuHSzocsoE
> ycbnYXICtY
< FJnlaDEXOV
> XvesbMhjbe
< NNbDFIlsFo
> bnKEisukLl
96
< jgeHIIlLdt
> UsUCLiVeYy
98
< lcUZmtKDkD
> SSsDzGrzVn
100
< mgGmGshCWy
> RHKiFmevGY
< PTfpjQHRaP
> VqWjbBBlgl
< fBseYTeqoI
> HLnMgNGUzo
> ujueagVvZE
> jbYqxckZHc
