1
< OQWMXtkgJx
> XgNbotnYVc
< ntBdsgNMSL
> mkmUuPPQPk
5
< MYEvswMNZw
> sKaHahlcPH
7
< qWOPiPVUKh
> lYSnjYnFwb
< lAUNijROvv
> dvMLczKXQg
10
< nwHLEdQRbS
> EVVPBtTRtJ
12
< mWLMYBAiqu
> MlYpbuZJSF
15
< uGgasdrsbU
> XRumHACeHu
19
< QbIeeTnnnR
> ycYigXNBJP
< NhmXIuJGJj
> BLqbHdfVEq
< uZcFfSOBUY
> xyHAIPgUnR
< iIVKIzPUhG
> YLKvQThACs
< ePvLgafsqY
> zOTGHsboWZ
26
< TQGthBmAbs
> cVpCmjbFji
< eyFZatBWEz
> IRconXPQuu
29
< KSOggJZLRn
> laMGEuXGXD
31
< PIFoLidxTE
> ZsPhrjHxBw
< tQtAwxMkFS
> oiRPIOKhrS
35
< svWOBonFuc
> EWwsPbJnUo
37
< jcnOtCXifx
> leeLzBFjzc
< JHulhubzqv
> iHXniVqDHE
< pcSqnrXcuW
> yUUuDQaGzx
42
< UvUilVTZhH
> GDAZnMHIAF
46
< vvvrOukWoS
> bqGWxPMWNl
< ToAtWDNnrq
> qWHsNfETpp
49
< hnPpsilUNy
> LHwHImdowM
52
< qwQVLVrYne
> PyBBiXmdgt
< qrZpygfxyl
> fGdtjbhDbg
< tTkGKVDHCs
> zerAmhrWTd
< MhldTLRZFk
> KjpEbNNbBM
57
< QtwwUUWgLV
> WdDFGNcABC
59
< yZxFCVaRDU
> RorXeeatad
61
< eZyhONRCfH
> euYLZXfwJs
< ypOSUJsfsW
> cQggRhvORd
64
< aFIQIEJGXn
> vNDmLcDLec
< GSXgUNSpXY
> EBTecScocN
< knEFrrkhjx
> lDPWcgdoPC
69
< AeFTfAUfGm
> GBnTknhelD
72
< mfmoyiMlmN
> yAwQDNuBcm
75
< cCCmMdutkR
> hupuJfJPDw
< ufXERkPjGI
> AszmzvcPwU
78
< sQHtkWpBqX
> isfUScJoHJ
< OhRutILCkw
> eYcllbhJlZ
< lxkbasWBwo
> nCHyRvoHHW
< GQfnxULqXw
> BGImPlpLBF
84
< GxQLzHmZdc
> ffqFljexlU
< uVindtsxNa
> XNOsTkhsoP
< vSAPxvdQsY
> guYTfZgOcO
88
< DHcOiohGCE
> WVnFQmrImV
91
< gdWiPSWwci
> yibIOJFMXZ
93
< awAIXjySlb
> kbkVuxHRew
< ZDAXsGAMZu
> eFGJZIMkVk
< mTCAYqvoaD
> MjuOsToYJQ
99
< mCKQYIdUgp
> MmkrvqylPN
< DgvRigaMng
> upONCWGkee
102
< TgZqOxkDwc
> oxAVGdSjkf
< vfOzNDdyrN
> psFXNRZsgv
< rvxDyqsgle
> aZwSHUktVK
106
< HmsyEvPITw
