2
< world
> earth
6
< file
> boring
< for
> file
< testing
> for
> testing
