Dada
Dada's
Dadaism
Dadaism's
dad
dad's
daddies
daddy
daddy's
dado
dado's
dadoes
dados
dads
