5
< NsDPxiLZKW
> NTBSarQvtm
< UFovhVbLXL
> CsCvyYLWqt
8
< rTRJcYQGkp
> RnMAtxQvdP
< acgkoiLAOH
> IhkSzcjSYE
< EbLiuNYXdJ
> TWOMTcelBh
< zKEFRvWFVV
> xvRtzYlLuO
13
< yqcvxQNVoE
> FaxULCbxWN
15
< lvmkzyjsAt
> IUHScIsBur
17
< OFHMDLoDKz
> cCQDxydhrk
< AmzAgeajUx
> flgyUgSLkX
20
< PpDVGjxxpC
> wuQigbTvZg
< YfWATRJZmS
> ujmgfRRTnH
25
< hClbnfCprI
> wOVafBkQuH
30
< VGlmgPLBhd
> NFoMklZnUt
< qZanxEXcoY
> FoHkOSTjOQ
33
< CXuJssSjjK
> SCqlpkSnyu
< OIYnPPJyOK
> RJtwnWyDkd
< mKfiEBvhac
> pEnAaPJNlO
< LnIDGWzDVZ
> cbcEFborRF
38
< yZDssooLPD
> egdoUokvVq
41
< isFqCCyvcS
> FEowvGJVAU
< QvnSWwsRJg
> okMXKBNXvL
50
< UGuOFhyqsG
> YFGtIamuIN
< tISvUjluuC
> tqfGXFIKmn
56
< BdsHmRGMkN
> TrDptqsBtb
58
< dEYaKIkMFJ
> IQGLEdsJzc
61
< jJYhsKCKtr
> wmloHTLpPO
< TlRpBbsBkb
> FhysBhaSxy
65
< GNRXGTHVGC
> jItbBqjIgl
< PjtCdFcOMg
> XDgKbRmIHz
68
< WouCVWeXOz
> TGFIrHDLBJ
71
< UUFwsFvbaU
> NBesBqykvI
75
< IhgUthLQkh
> oerREUrZvR
83
< naqkfBmEDT
> bGGsIeoyKv
< UqxOwzhNuT
> ZJqlHzJOhP
< PKEmanycKv
> AUSjPCDxot
87
< lBzPFPoKUr
> vgRRDXPtRT
93
< zaNchzcrSx
> UOOLqlTaQZ
< vunSdCejNF
> tQfDfsDwEM
< oBzCPtqduV
> jGDRpkBYGD
< JAlbBJVUpC
> UYywnXtfJI
< yOZLMkrRxb
> HPeCAaCbKW
99
< vWMyrYGbhD
> dYZUXWCBZi
102
> wsPphuMQcJ
> zKlTXOtDPv
> rccNQZteXy
> uoRKsiWMZE
> VjgQMecQgj
> UhQBQbfcaV
