2
< OADPNEjcSc
> ZsjwnmamVB
< teoPkyDuHH
> mAyVnrkBNM
11
< MXHzyMiFuT
> TsWYoYZRmb
< lpgrxmZjjG
> sgxuHUTjdw
< gAKWxrvXKy
> xEIOIQMywz
< ErtlSNUeQm
> zqqpfMZXko
< UeKCNLLSBC
> JWnEMSEwWe
17
< yFeNjFxnbv
> bQrUopzibm
< YtckgRUlGf
> puBwgMHpCC
21
< YjdRrbFtKf
> mtXkxmpXeY
< tYHgTCFHLg
> LzHtTPjyOQ
24
< YdXlqrtcUg
> MWJaSycOAn
26
< HArHnPGhiv
> eTlHjliPTu
29
< farFEklRfg
> fBsHVHDwrp
< HfrpWRCJeX
> uwzBEgADen
< NKqEiyeDdb
> tQabbwsjZP
< sKPpSOHVLM
> LwenoYbHUj
36
< QWgYTaLKHm
> kKQZJeteXP
< OHEccxqSaf
> OgOZyWzwsE
39
< XczxItAcWO
> nYVfJSxtpI
41
< LIiqtksxIw
> EwQFjvAqkH
44
< aklCETBWLN
> HeBSylavkX
47
< kkIwfotVFu
> cpnHflCniz
< ZXjSBisSHc
> xniXxNPccW
54
< NZAOHybeeh
> QNtngDUuYY
< FaiIfkmJzD
> qWJzYSyUmY
59
< QkkrRGeSXG
> AtVFCcllcB
< ANgwxClDUF
> qNkDkqzEpR
< VsbbkRhrek
> YbtxYcPrEl
< AOPpKtodAp
> uqrnuRVvlX
< cyJGqyCwZI
> yFGBmoAzkK
65
< oQlVPyMncU
> fNKiEVzdPj
68
< lgMazdbcSX
> RTzRokjndI
70
< HYOFyqIhFc
> MAqZbMBgDu
72
< QInJiNfPck
> TfaMLBhgAS
74
< qohcyLdzrA
> SAvTWlJRmr
< GbpbpoVjiD
> ZYjreJAYkW
< JkuYrjKwDM
> HnkvZrozbj
< QIUyODBFOT
> eDRFbbSKEA
< NtWtvbvpmR
> etqpCEnWaN
< rlVfOYgCRE
> hmuXQKyccs
< QpqJRaKlQb
> nGGlpcDJwh
< NlaSkOmVIc
> iZbChKtboz
< RULnkSVfit
> oXNHvjXQCr
< OdweocWzVh
> CSgBnnPlel
87
< lJbHBXTQLI
> BLESsoSmCa
< laVhCfPKmU
> MtOMjGGNEy
< BAwstbccif
> GqbsjiwORT
< uWSnujCLap
> RFJEqPzUfC
< aSueIWJxBI
> zQhfjTDEHY
93
< QQOnkwBuWQ
> zOBSxJbpEU
97
< HdZjxHTcvo
> niPcHfdUle
< bpMCoDTvUL
> NrELzJFmmZ
100
< TxuZGXUYAk
> oeFHvlGaNx
103
< YarHnAFcSl
> yVRPaJHxOD
105
> MihjlfzsqB
> RTnZUMfkic
