1
< UJUNFuGnmp
> WrLiNglGKx
< EAiKfLGqaM
> mgUsOExPVn
4
< xIZAUnLnyH
> wYvDhiKwZz
6
< KiRNlEiodo
> XnMmhGwuNS
< exIJsirhHV
> YGTQECCOJC
< HiNyHXfEvC
> CBESrHvPAA
< bSZcFqBKgH
> pooGGFbgnm
14
< uWdBaYKdHD
> rzxrfDydKz
20
< FPUpMNOBlq
> kUwPqArSuI
< NLvNsiCMGI
> AjxWfjENMF
27
< TGjrUFByEX
> DfOAdvDaFZ
30
< HJVjtBCHVz
> MZxyoiSbKm
32
< BHOouYXbij
> JkfhxMFMEq
< KDWexhzQuU
> WzWVmgQmRw
35
< QwhmgQuKKn
> LpEoiYOyMM
37
< oKmimsROAF
> vxhQlJHjgC
< MChfqcXvrO
> aseJkYnULz
41
< NKRFvPjuto
> XgcULyLyAV
< WcIUAJENoM
> CwrrednScF
< IagYLJherL
> cxpFmVbfPA
45
< MuaETBcOUC
> ZbtPpRrysr
47
< AkpFELWvsL
> HCeRFfxUyP
< zQGnvXSuRm
> TSrHHPCrAE
< BXItcpkmfw
> rIPvkdvmXZ
< vLhNOybFMf
> RmnYJfZyXl
< UxWDQOFpyt
> ehNZXpDHDE
< dktXuZnoPL
> tRcYyeqhiW
< qYPKLHyCmm
> afThwXWAAT
57
< CmeQqTyulK
> zhyyzeogju
59
< bhJbwEMzfq
> CMsqoeroYK
< kcDTUcYFqG
> nnhFBgIopK
63
< UmdxmJWtYw
> wIvbeuSwCh
< TDRvIFzhwU
> DtpsAPXvOl
< tpRgwdZmTw
> GMWedAMsbi
< TSVPsUqvAi
> VALuRfoZwa
< zhIfzhXieA
> ICZXlHQsop
69
< zyuChvECdH
> QHsJnLtuUt
72
< MHkjDStLya
> spHZqNSbcO
< fcmXwIpGDC
> ZVuuluFDvq
80
< gMGRlEcWQk
> nvbErXonoV
84
< mofkJJLHVS
> HVSftTvZTf
89
< cGPfnAgyec
> wpeLplINlH
92
< UJXqpuZhJF
> JhBryqXVfL
94
< wDvnwSMsEu
> hQvJYYQluF
96
< ETBKvbkGmg
> yturuGwnCe
99
< KBtKMJrPmg
> vLDWFAOrjZ
< zzRVPltJpb
> tVNgQXBZlH
< cthgbAkTUY
> ryyDjsdEKx
105
< jxYhsfPkTY
> iWRrFWDZNM
107
> tsPjObarkP
