whoami
kaiw
ls
a.txt
cpplint.out
lint
Makefile
mysh
mysh.c
output.10
tester
tests
tests-out
sleep 1
exit
