ls -a
.
..
.__afs247
a.txt
cpplint.out
lint
Makefile
mysh
mysh.c
output.10
tester
tests
tests-out
echo "This is the last command"
"This is the last command"
