spawn make CPUS=1 -f Makefile.test qemu-nox
qemu-system-i386 -nographic -drive file=fs.img,index=1,media=disk,format=raw -drive file=xv6.img,index=0,media=disk,format=raw -smp 1 -m 512 
xv6...
cpu0: starting 0
sb: size 1000 nblocks 941 ninodes 200 nlog 30 logstart 2 inodestart 32 bmap start 58
init: starting sh
$ test_1
Frames: DFFF PIDs: -2
Frames: DF77 PIDs: -2
Frames: DF75 PIDs: -2
Frames: DF73 PIDs: -2
Frames: DF71 PIDs: -2
Frames: DF6F PIDs: -2
Frames: DF6D PIDs: -2
Frames: DF6B PIDs: -2
Frames: DF69 PIDs: -2
Frames: DF67 PIDs: -2
Frames: DF65 PIDs: -2
Frames: DF63 PIDs: -2
Frames: DF61 PIDs: -2
Frames: DF5F PIDs: -2
Frames: DF5D PIDs: -2
Frames: DF5B PIDs: -2
Frames: DF59 PIDs: -2
Frames: DF57 PIDs: -2
Frames: DF55 PIDs: -2
Frames: DF53 PIDs: -2
Frames: DF51 PIDs: -2
Frames: DF4F PIDs: -2
Frames: DF4D PIDs: -2
Frames: DF4B PIDs: -2
Frames: DF49 PIDs: -2
Frames: DF47 PIDs: -2
Frames: DF45 PIDs: -2
Frames: DF43 PIDs: -2
Frames: DF41 PIDs: -2
Frames: DF3F PIDs: -2
Frames: DF3D PIDs: -2
Frames: DF3B PIDs: -2
Frames: DF39 PIDs: -2
Frames: DF37 PIDs: -2
Frames: DF35 PIDs: -2
Frames: DF33 PIDs: -2
Frames: DF31 PIDs: -2
Frames: DF2F PIDs: -2
Frames: DF2D PIDs: -2
Frames: DF2B PIDs: -2
Frames: DF29 PIDs: -2
Frames: DF27 PIDs: -2
Frames: DF25 PIDs: -2
Frames: DF23 PIDs: -2
Frames: DF21 PIDs: -2
Frames: DF1F PIDs: -2
Frames: DF1D PIDs: -2
Frames: DF1B PIDs: -2
Frames: DF19 PIDs: -2
Frames: DF17 PIDs: -2
Frames: DF15 PIDs: -2
Frames: DF13 PIDs: -2
Frames: DF11 PIDs: -2
Frames: DF0F PIDs: -2
Frames: DF0D PIDs: -2
Frames: DF0B PIDs: -2
Frames: DF09 PIDs: -2
Frames: DF07 PIDs: -2
Frames: DF05 PIDs: -2
Frames: DF03 PIDs: -2
Frames: DF01 PIDs: -2
Frames: DEFF PIDs: -2
Frames: DEFD PIDs: -2
Frames: DEFB PIDs: -2
Frames: DEF9 PIDs: -2
Frames: DEF7 PIDs: -2
Frames: DEF5 PIDs: -2
Frames: DEF3 PIDs: -2
Frames: DEF1 PIDs: -2
Frames: DEEF PIDs: -2
Frames: DFFD PIDs: -2
Frames: DEE7 PIDs: -2
Frames: DEE5 PIDs: -2
Frames: DEE3 PIDs: -2
Frames: DEE1 PIDs: -2
Frames: DEDF PIDs: -2
Frames: DEDD PIDs: -2
Frames: DEDB PIDs: -2
Frames: DED9 PIDs: -2
Frames: DED7 PIDs: -2
Frames: DED5 PIDs: -2
Frames: DED3 PIDs: -2
Frames: DED1 PIDs: -2
Frames: DECF PIDs: -2
Frames: DECD PIDs: -2
Frames: DECB PIDs: -2
Frames: DEC9 PIDs: -2
Frames: DEC7 PIDs: -2
Frames: DEC5 PIDs: -2
Frames: DEC3 PIDs: -2
Frames: DEC1 PIDs: -2
Frames: DEBF PIDs: -2
Frames: DEBD PIDs: -2
Frames: DEBB PIDs: -2
Frames: DEB9 PIDs: -2
Frames: DEB7 PIDs: -2
Frames: DEB5 PIDs: -2
Frames: DEB3 PIDs: -2
Frames: DEB1 PIDs: -2
Frames: DEAF PIDs: -2
$ QEMU: Terminated
