spy
spy's
spyglass
spyglass's
spyglasses
spying
spyware
spyware's
