alarmed
blabbed
blacked
blacken
blacker
bladder
blaming
blander
blandly
blanked
blanker
blanket
blankly
blaring
blarney
blasted
blaster
blatant
blazers
blazing
blazons
clacked
claimed
clamber
clammed
clamors
clamped
clanged
clangor
clanked
clapped
clapper
clarets
clarify
clarion
clarity
clashed
clashes
clasped
classed
classes
classic
clatter
clauses
clawing
clayier
elapsed
elapses
elastic
elating
elation
flaccid
flagged
flagons
flailed
flakier
flaking
flambes
flaming
flanges
flanked
flannel
flapped
flapper
flaring
flashed
flasher
flashes
flatbed
flatcar
flatted
flatten
flatter
flattop
flaunts
flavors
flawing
flaying
glacial
glacier
gladden
gladder
glamors
glamour
glanced
glances
glaring
glassed
glasses
glazier
glazing
placard
placate
placebo
placers
placing
placket
plagued
plagues
plainer
plainly
plaints
plaited
planets
planing
planked
planned
planner
planted
planter
plaques
plaster
plastic
plateau
platens
plating
platoon
platter
platypi
plaudit
playact
playboy
players
playful
playing
playoff
playpen
slabbed
slacked
slacken
slacker
slackly
slaking
slaloms
slammed
slammer
slander
slanted
slapped
slashed
slashes
slather
slating
slavers
slavery
slaving
slavish
slayers
slaying
